
t
r
p
a
a
a
s
p
Smith
5
p
Jones
2
p
Obourn
4
t
p
Erickson
1
p
UW Men's Basketball Team
12
p
Menz
7
p
Stepp
2
t
c
Jones
40.00
5.00
t
s
p
Reges
4
c
Menz
350.48
12.45
d
s
t
c
Jones
55.40
13.55
c
Smith
147.58
30.57
t
s
r
c
Illegal Party Name
c
Obourn
120.47
35.79
d
t
d
c
Reges
65.73
15.00
c
Stepp
35.71
8.66
d
t
c
Erickson
8.00
2.50
t
d
s
r
p
q
